
firmware:     file format elf32-littleriscv


Disassembly of section .text:

00000000 <_start>:
# # generated - do not edit (see `configuration.py`)
# .global _start
# _start:
#     li sp, 0x800000
   0:	00800137          	lui	sp,0x800
#     j run
   4:	0040006f          	j	8 <run>

00000008 <run>:
# #define UART_IN ((volatile int *)0xffff'fff4)
# 
# void uart_send_char(char ch);
# char uart_read_char();
# 
# extern "C" void run() {
   8:	fe010113          	addi	sp,sp,-32 # 7fffe0 <__bss_end+0x7fff88>
   c:	00112e23          	sw	ra,28(sp)
#   *LED = 0; // all leds on
  10:	fe002e23          	sw	zero,-4(zero) # fffffffc <__bss_end+0xffffffa4>
# 
#   while (1) {
#     const char ch = uart_read_char();
  14:	030000ef          	jal	44 <uart_read_char()>
  18:	00a12623          	sw	a0,12(sp)
#     uart_send_char(ch);
  1c:	014000ef          	jal	30 <uart_send_char(char)>
#     *LED = ~ch;
  20:	00c12503          	lw	a0,12(sp)
  24:	fff54513          	not	a0,a0
  28:	fea02e23          	sw	a0,-4(zero) # fffffffc <__bss_end+0xffffffa4>
#   while (1) {
  2c:	fe9ff06f          	j	14 <run+0xc>

00000030 <uart_send_char(char)>:
#   }
# }
# 
# void uart_send_char(const char ch) {
#   // wait for UART to be idle
#   while (*UART_OUT != -1)
  30:	fff00793          	li	a5,-1
  34:	ff802703          	lw	a4,-8(zero) # fffffff8 <__bss_end+0xffffffa0>
  38:	fef71ee3          	bne	a4,a5,34 <uart_send_char(char)+0x4>
#     ;
#   *UART_OUT = ch;
  3c:	fea02c23          	sw	a0,-8(zero) # fffffff8 <__bss_end+0xffffffa0>
# }
  40:	00008067          	ret

00000044 <uart_read_char()>:
# 
# char uart_read_char() {
#   int ch = 0;
#   // wait for UART to receive data
#   while ((ch = *UART_IN) == -1)
  44:	fff00793          	li	a5,-1
  48:	ff402503          	lw	a0,-12(zero) # fffffff4 <__bss_end+0xffffff9c>
  4c:	fef50ee3          	beq	a0,a5,48 <uart_read_char()+0x4>
#     ;
#   return char(ch);
# }
  50:	0ff57513          	zext.b	a0,a0
  54:	00008067          	ret
